=== ACCESS CONTROL VERIFICATION ===

1. Login as admin...
   Γ£à Admin session acquired
2. Login as regular user...
   Γ£à User session acquired

3. Admin GET /api/projects...
   Status: 200 ΓÇö 2 projects
   Γ£à Admin sees all projects

4. User GET /api/projects...
   Status: 200 ΓÇö 0 projects
   Γ£à User sees filtered projects (only assigned)

5. User tries to update stage "Kelengkapan Naskah" (PJ: none)...
   Status: 403
   Γ£à Correctly blocked: user cannot update others' stages

6. Unauthenticated GET /api/projects...
   Status: 401 Γ£à Correctly rejected

=== TESTS COMPLETE ===
